../Core/Src/main.c:83:13:center_clip	48	static
../Core/Src/main.c:108:14:compute_pitch_macf	72	static
../Core/Src/main.c:148:7:vote_f0	72	static
../Core/Src/main.c:193:5:main	56	static
../Core/Src/main.c:278:6:SystemClock_Config	88	static
../Core/Src/main.c:325:13:MX_ADC1_Init	24	static
../Core/Src/main.c:377:13:MX_I2C1_Init	8	static
../Core/Src/main.c:411:13:MX_TIM2_Init	32	static
../Core/Src/main.c:456:13:MX_USART2_UART_Init	8	static
../Core/Src/main.c:487:13:MX_DMA_Init	16	static
../Core/Src/main.c:509:13:MX_GPIO_Init	48	static
../Core/Src/main.c:544:6:HAL_ADC_ConvCpltCallback	24	static
../Core/Src/main.c:555:6:HAL_UART_RxCpltCallback	16	static
../Core/Src/main.c:570:6:Error_Handler	4	static,ignoring_inline_asm
